// Jest Snapshot v1, https://goo.gl/fbAQLP

exports[`Pagination Pagination snapshot 1`] = `
Object {
  "asFragment": [Function],
  "baseElement": <body>
    <div>
      <nav
        aria-label="Page navigation example"
        role="navigation"
      >
        <ul
          class="inline-flex space-x-2"
        >
          <li>
            <button
              class="text-gray-900 bg-white border border-gray-300 focus:outline-none hover:bg-gray-100 focus:ring-4 focus:ring-gray-200 font-medium rounded-lg px-5 py-2 disabled:opacity-50"
              disabled=""
            >
              <svg
                class="w-6 h-6"
                fill="none"
                stroke="currentColor"
                stroke-width="1.5"
                viewBox="0 0 24 24"
                xmlns="http://www.w3.org/2000/svg"
              >
                <path
                  d="M6.75 15.75L3 12m0 0l3.75-3.75M3 12h18"
                  stroke-linecap="round"
                  stroke-linejoin="round"
                />
              </svg>
            </button>
          </li>
          <li>
            <button
              class="text-white bg-gray-800 border border-transparent hover:bg-gray-900 focus:outline-none focus:ring-4 focus:ring-gray-300 font-medium rounded-lg px-5 py-2"
            >
              1
            </button>
          </li>
          <li>
            <button
              class="text-gray-900 bg-white border border-gray-300 focus:outline-none hover:bg-gray-100 focus:ring-4 focus:ring-gray-200 font-medium rounded-lg px-5 py-2"
            >
              2
            </button>
          </li>
          <li>
            <button
              class="text-gray-900 bg-white border border-gray-300 focus:outline-none hover:bg-gray-100 focus:ring-4 focus:ring-gray-200 font-medium rounded-lg px-5 py-2"
            >
              3
            </button>
          </li>
          <li>
            <button
              class="text-gray-900 bg-white border border-gray-300 focus:outline-none hover:bg-gray-100 focus:ring-4 focus:ring-gray-200 font-medium rounded-lg px-5 py-2"
            >
              4
            </button>
          </li>
          <li>
            <button
              class="text-gray-900 bg-white border border-gray-300 focus:outline-none hover:bg-gray-100 focus:ring-4 focus:ring-gray-200 font-medium rounded-lg px-5 py-2"
            >
              5
            </button>
          </li>
          <li>
            <button
              class="text-gray-900 bg-white border border-gray-300 focus:outline-none hover:bg-gray-100 focus:ring-4 focus:ring-gray-200 font-medium rounded-lg px-5 py-2"
            >
              6
            </button>
          </li>
          <li>
            <button
              class="text-gray-900 bg-white border border-gray-300 focus:outline-none hover:bg-gray-100 focus:ring-4 focus:ring-gray-200 font-medium rounded-lg px-5 py-2"
            >
              7
            </button>
          </li>
          <li>
            <button
              class="text-gray-900 bg-white border border-gray-300 focus:outline-none hover:bg-gray-100 focus:ring-4 focus:ring-gray-200 font-medium rounded-lg px-5 py-2"
            >
              8
            </button>
          </li>
          <li>
            <button
              class="text-gray-900 bg-white border border-gray-300 focus:outline-none hover:bg-gray-100 focus:ring-4 focus:ring-gray-200 font-medium rounded-lg px-5 py-2"
            >
              9
            </button>
          </li>
          <li>
            <button
              class="text-gray-900 bg-white border border-gray-300 focus:outline-none hover:bg-gray-100 focus:ring-4 focus:ring-gray-200 font-medium rounded-lg px-5 py-2"
            >
              10
            </button>
          </li>
          <li>
            <button
              class="text-gray-900 bg-white border border-gray-300 focus:outline-none hover:bg-gray-100 focus:ring-4 focus:ring-gray-200 font-medium rounded-lg px-5 py-2 disabled:opacity-50"
            >
              <svg
                class="w-6 h-6"
                fill="none"
                stroke="currentColor"
                stroke-width="1.5"
                viewBox="0 0 24 24"
                xmlns="http://www.w3.org/2000/svg"
              >
                <path
                  d="M17.25 8.25L21 12m0 0l-3.75 3.75M21 12H3"
                  stroke-linecap="round"
                  stroke-linejoin="round"
                />
              </svg>
            </button>
          </li>
        </ul>
      </nav>
    </div>
  </body>,
  "container": <div>
    <nav
      aria-label="Page navigation example"
      role="navigation"
    >
      <ul
        class="inline-flex space-x-2"
      >
        <li>
          <button
            class="text-gray-900 bg-white border border-gray-300 focus:outline-none hover:bg-gray-100 focus:ring-4 focus:ring-gray-200 font-medium rounded-lg px-5 py-2 disabled:opacity-50"
            disabled=""
          >
            <svg
              class="w-6 h-6"
              fill="none"
              stroke="currentColor"
              stroke-width="1.5"
              viewBox="0 0 24 24"
              xmlns="http://www.w3.org/2000/svg"
            >
              <path
                d="M6.75 15.75L3 12m0 0l3.75-3.75M3 12h18"
                stroke-linecap="round"
                stroke-linejoin="round"
              />
            </svg>
          </button>
        </li>
        <li>
          <button
            class="text-white bg-gray-800 border border-transparent hover:bg-gray-900 focus:outline-none focus:ring-4 focus:ring-gray-300 font-medium rounded-lg px-5 py-2"
          >
            1
          </button>
        </li>
        <li>
          <button
            class="text-gray-900 bg-white border border-gray-300 focus:outline-none hover:bg-gray-100 focus:ring-4 focus:ring-gray-200 font-medium rounded-lg px-5 py-2"
          >
            2
          </button>
        </li>
        <li>
          <button
            class="text-gray-900 bg-white border border-gray-300 focus:outline-none hover:bg-gray-100 focus:ring-4 focus:ring-gray-200 font-medium rounded-lg px-5 py-2"
          >
            3
          </button>
        </li>
        <li>
          <button
            class="text-gray-900 bg-white border border-gray-300 focus:outline-none hover:bg-gray-100 focus:ring-4 focus:ring-gray-200 font-medium rounded-lg px-5 py-2"
          >
            4
          </button>
        </li>
        <li>
          <button
            class="text-gray-900 bg-white border border-gray-300 focus:outline-none hover:bg-gray-100 focus:ring-4 focus:ring-gray-200 font-medium rounded-lg px-5 py-2"
          >
            5
          </button>
        </li>
        <li>
          <button
            class="text-gray-900 bg-white border border-gray-300 focus:outline-none hover:bg-gray-100 focus:ring-4 focus:ring-gray-200 font-medium rounded-lg px-5 py-2"
          >
            6
          </button>
        </li>
        <li>
          <button
            class="text-gray-900 bg-white border border-gray-300 focus:outline-none hover:bg-gray-100 focus:ring-4 focus:ring-gray-200 font-medium rounded-lg px-5 py-2"
          >
            7
          </button>
        </li>
        <li>
          <button
            class="text-gray-900 bg-white border border-gray-300 focus:outline-none hover:bg-gray-100 focus:ring-4 focus:ring-gray-200 font-medium rounded-lg px-5 py-2"
          >
            8
          </button>
        </li>
        <li>
          <button
            class="text-gray-900 bg-white border border-gray-300 focus:outline-none hover:bg-gray-100 focus:ring-4 focus:ring-gray-200 font-medium rounded-lg px-5 py-2"
          >
            9
          </button>
        </li>
        <li>
          <button
            class="text-gray-900 bg-white border border-gray-300 focus:outline-none hover:bg-gray-100 focus:ring-4 focus:ring-gray-200 font-medium rounded-lg px-5 py-2"
          >
            10
          </button>
        </li>
        <li>
          <button
            class="text-gray-900 bg-white border border-gray-300 focus:outline-none hover:bg-gray-100 focus:ring-4 focus:ring-gray-200 font-medium rounded-lg px-5 py-2 disabled:opacity-50"
          >
            <svg
              class="w-6 h-6"
              fill="none"
              stroke="currentColor"
              stroke-width="1.5"
              viewBox="0 0 24 24"
              xmlns="http://www.w3.org/2000/svg"
            >
              <path
                d="M17.25 8.25L21 12m0 0l-3.75 3.75M21 12H3"
                stroke-linecap="round"
                stroke-linejoin="round"
              />
            </svg>
          </button>
        </li>
      </ul>
    </nav>
  </div>,
  "debug": [Function],
  "findAllByAltText": [Function],
  "findAllByDisplayValue": [Function],
  "findAllByLabelText": [Function],
  "findAllByPlaceholderText": [Function],
  "findAllByRole": [Function],
  "findAllByTestId": [Function],
  "findAllByText": [Function],
  "findAllByTitle": [Function],
  "findByAltText": [Function],
  "findByDisplayValue": [Function],
  "findByLabelText": [Function],
  "findByPlaceholderText": [Function],
  "findByRole": [Function],
  "findByTestId": [Function],
  "findByText": [Function],
  "findByTitle": [Function],
  "getAllByAltText": [Function],
  "getAllByDisplayValue": [Function],
  "getAllByLabelText": [Function],
  "getAllByPlaceholderText": [Function],
  "getAllByRole": [Function],
  "getAllByTestId": [Function],
  "getAllByText": [Function],
  "getAllByTitle": [Function],
  "getByAltText": [Function],
  "getByDisplayValue": [Function],
  "getByLabelText": [Function],
  "getByPlaceholderText": [Function],
  "getByRole": [Function],
  "getByTestId": [Function],
  "getByText": [Function],
  "getByTitle": [Function],
  "queryAllByAltText": [Function],
  "queryAllByDisplayValue": [Function],
  "queryAllByLabelText": [Function],
  "queryAllByPlaceholderText": [Function],
  "queryAllByRole": [Function],
  "queryAllByTestId": [Function],
  "queryAllByText": [Function],
  "queryAllByTitle": [Function],
  "queryByAltText": [Function],
  "queryByDisplayValue": [Function],
  "queryByLabelText": [Function],
  "queryByPlaceholderText": [Function],
  "queryByRole": [Function],
  "queryByTestId": [Function],
  "queryByText": [Function],
  "queryByTitle": [Function],
  "rerender": [Function],
  "unmount": [Function],
}
`;
